// Jest Snapshot v1, https://goo.gl/fbAQLP

exports[`App Component Snapshot Test matches the snapshot 1`] = `<DocumentFragment />`;
