// Jest Snapshot v1, https://goo.gl/fbAQLP

exports[`WidgetBatteryTimeLeft Component renders correctly with 5 hours left 1`] = `
<DocumentFragment>
  <div
    class="MuiBox-root css-1th25q9"
    data-testid="BATTERY_TIME_LEFT_WRAPPER"
  >
    <div
      class="MuiBox-root css-1i8ffpq"
      data-testid="BATTERY_ICON_WRAPPER"
    >
      <svg
        aria-hidden="true"
        class="MuiSvgIcon-root MuiSvgIcon-fontSizeMedium css-12929eu-MuiSvgIcon-root"
        data-testid="BATTERY_ICON"
        focusable="false"
        viewBox="0 0 24 24"
      >
        <path
          d="M15.67 4H14V2h-4v2H8.33C7.6 4 7 4.6 7 5.33v15.33C7 21.4 7.6 22 8.33 22h7.33c.74 0 1.34-.6 1.34-1.33V5.33C17 4.6 16.4 4 15.67 4M11 20v-5.5H9L13 7v5.5h2z"
        />
      </svg>
      <h4
        class="MuiTypography-root MuiTypography-h4 css-10zsxzp-MuiTypography-root"
        data-testid="BATTERY_TEXT_LABEL"
      >
        Time left
      </h4>
    </div>
    <h4
      class="MuiTypography-root MuiTypography-h4 css-10zsxzp-MuiTypography-root"
      data-testid="BATTERY_EFFECTIVE_TIME_LEFT"
    >
      5h
    </h4>
  </div>
</DocumentFragment>
`;
